fsl_clock.h:668:20:CLOCK_EnableClock	24	static
fsl_port.h:243:20:PORT_SetPinConfig	32	static
fsl_port.h:346:20:PORT_SetPinMux	24	static
fsl_port.h:415:20:PORT_SetPinInterruptConfig	24	static
pin_mux.c:132:6:BOARD_InitBootPins	8	static
pin_mux.c:163:6:BOARD_InitPins	16	static
pin_mux.c:261:6:BOARD_InitButtonsPins	24	static
pin_mux.c:345:6:BOARD_InitLEDsPins	32	static
pin_mux.c:445:6:BOARD_InitDEBUG_UARTPins	16	static
pin_mux.c:512:6:BOARD_InitOSCPins	8	static
pin_mux.c:545:6:BOARD_InitACCELPins	32	static
pin_mux.c:671:6:BOARD_InitENETPins	48	static
pin_mux.c:886:6:BOARD_InitSDHCPins	40	static
pin_mux.c:1036:6:BOARD_InitUSBPins	4	static
